Nothing to build in platform 'kv260_ispMipiRx_vcu_DP'

19:41:09 **** Incremental Build of configuration Debug for project TestProject ****
make all 
'Building file: ../src/helloworld.c'
'Invoking: ARM v8 gcc compiler'
aarch64-none-elf-gcc -Wall -O0 -g3 -c -fmessage-length=0 -MT"src/helloworld.o" -IC:/Users/deoch/workspace/kv260_ispMipiRx_vcu_DP/export/kv260_ispMipiRx_vcu_DP/sw/kv260_ispMipiRx_vcu_DP/standalone_psu_cortexa53_0/bspinclude/include -MMD -MP -MF"src/helloworld.d" -MT"src/helloworld.o" -o "src/helloworld.o" "../src/helloworld.c"
../src/helloworld.c: In function 'main':
../src/helloworld.c:65:5: warning: implicit declaration of function 'start_up' [-Wimplicit-function-declaration]
   65 |     start_up();
      |     ^~~~~~~~
'Finished building: ../src/helloworld.c'
' '
'Building target: TestProject.elf'
'Invoking: ARM v8 gcc linker'
aarch64-none-elf-gcc -Wl,-T -Wl,../src/lscript.ld -LC:/Users/deoch/workspace/kv260_ispMipiRx_vcu_DP/export/kv260_ispMipiRx_vcu_DP/sw/kv260_ispMipiRx_vcu_DP/standalone_psu_cortexa53_0/bsplib/lib -o "TestProject.elf"  ./src/helloworld.o ./src/platform.o ./src/reg32.o ./src/reg64.o ./src/regGIRC.o ./src/regSP.o ./src/regV.o ./src/regVBAR_EL2.o ./src/regX.o ./src/regx0.o ./src/regx1.o ./src/snapshot.o   -Wl,--start-group,-lxil,-lgcc,-lc,--end-group
'Finished building target: TestProject.elf'
' '
'Invoking: ARM v8 Print Size'
aarch64-none-elf-size TestProject.elf  |tee "TestProject.elf.size"
   text	   data	    bss	    dec	    hex	filename
  39069	   2192	  20747	  62008	   f238	TestProject.elf
'Finished building: TestProject.elf.size'
' '
